// Jest Snapshot v1, https://goo.gl/fbAQLP

exports[`Snapshot is matched 1`] = `
{
  "Parameters": {
    "BootstrapVersion": {
      "Default": "/cdk-bootstrap/hnb659fds/version",
      "Description": "Version of the CDK Bootstrap resources in this environment, automatically retrieved from SSM Parameter Store. [cdk:skip]",
      "Type": "AWS::SSM::Parameter::Value<String>",
    },
  },
  "Resources": {
    "BucketNotificationsHandler050a0587b7544547bf325f094a3db8347ECC3691": {
      "DependsOn": [
        "BucketNotificationsHandler050a0587b7544547bf325f094a3db834RoleDefaultPolicy2CF63D36",
        "BucketNotificationsHandler050a0587b7544547bf325f094a3db834RoleB6FB88EC",
      ],
      "Properties": {
        "Code": {
          "ZipFile": "import boto3  # type: ignore
import json
import logging
import urllib.request

s3 = boto3.client("s3")

EVENTBRIDGE_CONFIGURATION = 'EventBridgeConfiguration'
CONFIGURATION_TYPES = ["TopicConfigurations", "QueueConfigurations", "LambdaFunctionConfigurations"]

def handler(event: dict, context):
  response_status = "SUCCESS"
  error_message = ""
  try:
    props = event["ResourceProperties"]
    notification_configuration = props["NotificationConfiguration"]
    managed = props.get('Managed', 'true').lower() == 'true'
    skipDestinationValidation = props.get('SkipDestinationValidation', 'false').lower() == 'true'
    stack_id = event['StackId']
    old = event.get("OldResourceProperties", {}).get("NotificationConfiguration", {})
    if managed:
      config = handle_managed(event["RequestType"], notification_configuration)
    else:
      config = handle_unmanaged(props["BucketName"], stack_id, event["RequestType"], notification_configuration, old)
    s3.put_bucket_notification_configuration(Bucket=props["BucketName"], NotificationConfiguration=config, SkipDestinationValidation=skipDestinationValidation)
  except Exception as e:
    logging.exception("Failed to put bucket notification configuration")
    response_status = "FAILED"
    error_message = f"Error: {str(e)}. "
  finally:
    submit_response(event, context, response_status, error_message)

def handle_managed(request_type, notification_configuration):
  if request_type == 'Delete':
    return {}
  return notification_configuration

def handle_unmanaged(bucket, stack_id, request_type, notification_configuration, old):
  def get_id(n):
    n['Id'] = ''
    sorted_notifications = sort_filter_rules(n)
    strToHash=json.dumps(sorted_notifications, sort_keys=True).replace('"Name": "prefix"', '"Name": "Prefix"').replace('"Name": "suffix"', '"Name": "Suffix"')
    return f"{stack_id}-{hash(strToHash)}"
  def with_id(n):
    n['Id'] = get_id(n)
    return n

  external_notifications = {}
  existing_notifications = s3.get_bucket_notification_configuration(Bucket=bucket)
  for t in CONFIGURATION_TYPES:
    if request_type == 'Update':
        old_incoming_ids = [get_id(n) for n in old.get(t, [])]
        external_notifications[t] = [n for n in existing_notifications.get(t, []) if not get_id(n) in old_incoming_ids]      
    elif request_type == 'Delete':
        external_notifications[t] = [n for n in existing_notifications.get(t, []) if not n['Id'].startswith(f"{stack_id}-")]
    elif request_type == 'Create':
        external_notifications[t] = [n for n in existing_notifications.get(t, [])]
  if EVENTBRIDGE_CONFIGURATION in existing_notifications:
    external_notifications[EVENTBRIDGE_CONFIGURATION] = existing_notifications[EVENTBRIDGE_CONFIGURATION]

  if request_type == 'Delete':
    return external_notifications

  notifications = {}
  for t in CONFIGURATION_TYPES:
    external = external_notifications.get(t, [])
    incoming = [with_id(n) for n in notification_configuration.get(t, [])]
    notifications[t] = external + incoming

  if EVENTBRIDGE_CONFIGURATION in notification_configuration:
    notifications[EVENTBRIDGE_CONFIGURATION] = notification_configuration[EVENTBRIDGE_CONFIGURATION]
  elif EVENTBRIDGE_CONFIGURATION in external_notifications:
    notifications[EVENTBRIDGE_CONFIGURATION] = external_notifications[EVENTBRIDGE_CONFIGURATION]

  return notifications

def submit_response(event: dict, context, response_status: str, error_message: str):
  response_body = json.dumps(
    {
      "Status": response_status,
      "Reason": f"{error_message}See the details in CloudWatch Log Stream: {context.log_stream_name}",
      "PhysicalResourceId": event.get("PhysicalResourceId") or event["LogicalResourceId"],
      "StackId": event["StackId"],
      "RequestId": event["RequestId"],
      "LogicalResourceId": event["LogicalResourceId"],
      "NoEcho": False,
    }
  ).encode("utf-8")
  headers = {"content-type": "", "content-length": str(len(response_body))}
  try:
    req = urllib.request.Request(url=event["ResponseURL"], headers=headers, data=response_body, method="PUT")
    with urllib.request.urlopen(req) as response:
      print(response.read().decode("utf-8"))
    print("Status code: " + response.reason)
  except Exception as e:
      print("send(..) failed executing request.urlopen(..): " + str(e))

def sort_filter_rules(json_obj):
  if not isinstance(json_obj, dict):
      return json_obj
  for key, value in json_obj.items():
      if isinstance(value, dict):
          json_obj[key] = sort_filter_rules(value)
      elif isinstance(value, list):
          json_obj[key] = [sort_filter_rules(item) for item in value]
  if "Filter" in json_obj and "Key" in json_obj["Filter"] and "FilterRules" in json_obj["Filter"]["Key"]:
      filter_rules = json_obj["Filter"]["Key"]["FilterRules"]
      sorted_filter_rules = sorted(filter_rules, key=lambda x: x["Name"])
      json_obj["Filter"]["Key"]["FilterRules"] = sorted_filter_rules
  return json_obj",
        },
        "Description": "AWS CloudFormation handler for "Custom::S3BucketNotifications" resources (@aws-cdk/aws-s3)",
        "Handler": "index.handler",
        "Role": {
          "Fn::GetAtt": [
            "BucketNotificationsHandler050a0587b7544547bf325f094a3db834RoleB6FB88EC",
            "Arn",
          ],
        },
        "Runtime": "python3.11",
        "Timeout": 300,
      },
      "Type": "AWS::Lambda::Function",
    },
    "BucketNotificationsHandler050a0587b7544547bf325f094a3db834RoleB6FB88EC": {
      "Properties": {
        "AssumeRolePolicyDocument": {
          "Statement": [
            {
              "Action": "sts:AssumeRole",
              "Effect": "Allow",
              "Principal": {
                "Service": "lambda.amazonaws.com",
              },
            },
          ],
          "Version": "2012-10-17",
        },
        "ManagedPolicyArns": [
          {
            "Fn::Join": [
              "",
              [
                "arn:",
                {
                  "Ref": "AWS::Partition",
                },
                ":iam::aws:policy/service-role/AWSLambdaBasicExecutionRole",
              ],
            ],
          },
        ],
      },
      "Type": "AWS::IAM::Role",
    },
    "BucketNotificationsHandler050a0587b7544547bf325f094a3db834RoleDefaultPolicy2CF63D36": {
      "Properties": {
        "PolicyDocument": {
          "Statement": [
            {
              "Action": "s3:PutBucketNotification",
              "Effect": "Allow",
              "Resource": "*",
            },
          ],
          "Version": "2012-10-17",
        },
        "PolicyName": "BucketNotificationsHandler050a0587b7544547bf325f094a3db834RoleDefaultPolicy2CF63D36",
        "Roles": [
          {
            "Ref": "BucketNotificationsHandler050a0587b7544547bf325f094a3db834RoleB6FB88EC",
          },
        ],
      },
      "Type": "AWS::IAM::Policy",
    },
    "DestBucket4072D5ED": {
      "DeletionPolicy": "Retain",
      "Type": "AWS::S3::Bucket",
      "UpdateReplacePolicy": "Retain",
    },
    "Function76856677": {
      "DependsOn": [
        "FunctionServiceRoleDefaultPolicy2F49994A",
        "FunctionServiceRole675BB04A",
      ],
      "Properties": {
        "Code": {
          "S3Bucket": {
            "Fn::Sub": "cdk-hnb659fds-assets-\${AWS::AccountId}-\${AWS::Region}",
          },
          "S3Key": "213633a2563ae3cddd1950261569d863cf54611128ed28197b11ea1468807a0e.zip",
        },
        "Environment": {
          "Variables": {
            "DEST_BUCKET": "DestBucket",
            "DEST_PREFIX": "outputs/",
          },
        },
        "Handler": "index.handler",
        "Role": {
          "Fn::GetAtt": [
            "FunctionServiceRole675BB04A",
            "Arn",
          ],
        },
        "Runtime": "nodejs20.x",
      },
      "Type": "AWS::Lambda::Function",
    },
    "FunctionServiceRole675BB04A": {
      "Properties": {
        "AssumeRolePolicyDocument": {
          "Statement": [
            {
              "Action": "sts:AssumeRole",
              "Effect": "Allow",
              "Principal": {
                "Service": "lambda.amazonaws.com",
              },
            },
          ],
          "Version": "2012-10-17",
        },
        "ManagedPolicyArns": [
          {
            "Fn::Join": [
              "",
              [
                "arn:",
                {
                  "Ref": "AWS::Partition",
                },
                ":iam::aws:policy/service-role/AWSLambdaBasicExecutionRole",
              ],
            ],
          },
        ],
      },
      "Type": "AWS::IAM::Role",
    },
    "FunctionServiceRoleDefaultPolicy2F49994A": {
      "Properties": {
        "PolicyDocument": {
          "Statement": [
            {
              "Action": [
                "s3:DeleteObject*",
                "s3:PutObject",
                "s3:PutObjectLegalHold",
                "s3:PutObjectRetention",
                "s3:PutObjectTagging",
                "s3:PutObjectVersionTagging",
                "s3:Abort*",
              ],
              "Effect": "Allow",
              "Resource": [
                {
                  "Fn::GetAtt": [
                    "DestBucket4072D5ED",
                    "Arn",
                  ],
                },
                {
                  "Fn::Join": [
                    "",
                    [
                      {
                        "Fn::GetAtt": [
                          "DestBucket4072D5ED",
                          "Arn",
                        ],
                      },
                      "/*",
                    ],
                  ],
                },
              ],
            },
          ],
          "Version": "2012-10-17",
        },
        "PolicyName": "FunctionServiceRoleDefaultPolicy2F49994A",
        "Roles": [
          {
            "Ref": "FunctionServiceRole675BB04A",
          },
        ],
      },
      "Type": "AWS::IAM::Policy",
    },
    "Queue4A7E3555": {
      "DeletionPolicy": "Delete",
      "Type": "AWS::SQS::Queue",
      "UpdateReplacePolicy": "Delete",
    },
    "QueuePolicy25439813": {
      "Properties": {
        "PolicyDocument": {
          "Statement": [
            {
              "Action": [
                "sqs:SendMessage",
                "sqs:GetQueueAttributes",
                "sqs:GetQueueUrl",
              ],
              "Condition": {
                "ArnLike": {
                  "aws:SourceArn": {
                    "Fn::GetAtt": [
                      "SrcBucket613E28A1",
                      "Arn",
                    ],
                  },
                },
              },
              "Effect": "Allow",
              "Principal": {
                "Service": "s3.amazonaws.com",
              },
              "Resource": {
                "Fn::GetAtt": [
                  "Queue4A7E3555",
                  "Arn",
                ],
              },
            },
          ],
          "Version": "2012-10-17",
        },
        "Queues": [
          {
            "Ref": "Queue4A7E3555",
          },
        ],
      },
      "Type": "AWS::SQS::QueuePolicy",
    },
    "SrcBucket613E28A1": {
      "DeletionPolicy": "Retain",
      "Type": "AWS::S3::Bucket",
      "UpdateReplacePolicy": "Retain",
    },
    "SrcBucketNotifications33024ACF": {
      "DependsOn": [
        "QueuePolicy25439813",
        "Queue4A7E3555",
      ],
      "Properties": {
        "BucketName": {
          "Ref": "SrcBucket613E28A1",
        },
        "Managed": true,
        "NotificationConfiguration": {
          "QueueConfigurations": [
            {
              "Events": [
                "s3:ObjectCreated:*",
              ],
              "Filter": {
                "Key": {
                  "FilterRules": [
                    {
                      "Name": "prefix",
                      "Value": "images/",
                    },
                  ],
                },
              },
              "QueueArn": {
                "Fn::GetAtt": [
                  "Queue4A7E3555",
                  "Arn",
                ],
              },
            },
          ],
        },
        "ServiceToken": {
          "Fn::GetAtt": [
            "BucketNotificationsHandler050a0587b7544547bf325f094a3db8347ECC3691",
            "Arn",
          ],
        },
        "SkipDestinationValidation": false,
      },
      "Type": "Custom::S3BucketNotifications",
    },
  },
  "Rules": {
    "CheckBootstrapVersion": {
      "Assertions": [
        {
          "Assert": {
            "Fn::Not": [
              {
                "Fn::Contains": [
                  [
                    "1",
                    "2",
                    "3",
                    "4",
                    "5",
                  ],
                  {
                    "Ref": "BootstrapVersion",
                  },
                ],
              },
            ],
          },
          "AssertDescription": "CDK bootstrap stack version 6 required. Please run 'cdk bootstrap' with a recent version of the CDK CLI.",
        },
      ],
    },
  },
}
`;
